EM2 B — postw90 kubo vs M4 (full, N = 1200 shifted, eta = 0.04 eV); sigma_0 = e^2/4hbar = 6.085337e-05 S (postw90 constants), c = 15.8753163 A, g_s = 2 applied to postw90

[k1201]
  sigma_xx/sigma_0 at 0.2 eV: postw90 1.00235, M4 1.00265  (postw90 raw, no spin: 0.50118)
  hw (eV) | xx postw90  M4       diff      | yy postw90  M4       diff      | xy postw90  M4
   1.96   | 1.26227  1.26367  -1.40e-03 | 1.26317  1.26360  -4.32e-04 | -8.0e-10  +6.9e-12
   2.33   | 1.40336  1.40555  -2.19e-03 | 1.40469  1.40536  -6.71e-04 | -9.4e-10  +8.9e-12
   2.54   | 1.50880  1.51148  -2.68e-03 | 1.51044  1.51135  -9.11e-04 | -1.1e-09  +9.4e-12
  van Hove peak (xx): postw90 4.06 eV, 6.8778; M4 4.05 eV, 6.8992
  whole curve xx: max |diff| 2.86e-02 at 4.01 eV, mean |diff| 4.19e-03, max rel 5.27e-03 at 6.00 eV
  whole curve yy: max |diff| 1.50e-02 at 4.00 eV, mean |diff| 1.54e-03, max rel 2.55e-03 at 3.99 eV
  whole curve xy: max |diff| 2.75e-08 at 4.00 eV, mean |diff| 2.36e-09
  postw90 |yy - xx| max 1.2e-02 (M4 2.7e-03); |xy| max 2.7e-08; zz max 5.9e-22

[k1201_ti]
  sigma_xx/sigma_0 at 0.2 eV: postw90 1.00236, M4 1.00265  (postw90 raw, no spin: 0.50118)
  hw (eV) | xx postw90  M4       diff      | yy postw90  M4       diff      | xy postw90  M4
   1.96   | 1.26343  1.26367  -2.43e-04 | 1.26343  1.26360  -1.73e-04 | -8.1e-10  +6.9e-12
   2.33   | 1.40511  1.40555  -4.41e-04 | 1.40511  1.40536  -2.54e-04 | -9.5e-10  +8.9e-12
   2.54   | 1.51098  1.51148  -4.99e-04 | 1.51098  1.51135  -3.74e-04 | -1.1e-09  +9.4e-12
  van Hove peak (xx): postw90 4.06 eV, 6.8963; M4 4.05 eV, 6.8992
  whole curve xx: max |diff| 1.20e-02 at 4.01 eV, mean |diff| 9.21e-04, max rel 2.05e-03 at 4.12 eV
  whole curve yy: max |diff| 1.02e-02 at 4.11 eV, mean |diff| 8.75e-04, max rel 1.75e-03 at 4.12 eV
  whole curve xy: max |diff| 2.79e-08 at 4.00 eV, mean |diff| 2.39e-09
  postw90 |yy - xx| max 2.6e-05 (M4 2.7e-03); |xy| max 2.7e-08; zz max 6.0e-22

[k1201_ti_nows]
  sigma_xx/sigma_0 at 0.2 eV: postw90 1.00244, M4 1.00265  (postw90 raw, no spin: 0.50122)
  hw (eV) | xx postw90  M4       diff      | yy postw90  M4       diff      | xy postw90  M4
   1.96   | 1.26344  1.26367  -2.28e-04 | 1.26338  1.26360  -2.20e-04 | -8.1e-10  +6.9e-12
   2.33   | 1.40524  1.40555  -3.06e-04 | 1.40501  1.40536  -3.49e-04 | -9.5e-10  +8.9e-12
   2.54   | 1.51107  1.51148  -4.05e-04 | 1.51092  1.51135  -4.32e-04 | -1.1e-09  +9.4e-12
  van Hove peak (xx): postw90 4.05 eV, 6.8974; M4 4.05 eV, 6.8992
  whole curve xx: max |diff| 1.09e-02 at 4.11 eV, mean |diff| 8.86e-04, max rel 1.87e-03 at 4.12 eV
  whole curve yy: max |diff| 1.08e-02 at 4.11 eV, mean |diff| 8.88e-04, max rel 1.87e-03 at 4.12 eV
  whole curve xy: max |diff| 2.79e-08 at 4.00 eV, mean |diff| 2.39e-09
  postw90 |yy - xx| max 2.7e-03 (M4 2.7e-03); |xy| max 2.7e-08; zz max 6.2e-22

Against our sigma with the postw90 conventions (em2_B_ours.py: prefactor 1/Delta, Gamma-centred N x N grid;
left: use_ws_distance and r(R) rebuilt by postw90 from the .mmn):
  k1201 - ours[gam1201]: max |diff| xx 1.98e-02 at 4.04 eV, yy 6.34e-03, xy 2.8e-08; mean |diff| xx 4.1e-03; at 0.2 eV and lasers xx -1.1e-04, -1.1e-03, -1.9e-03, -2.3e-03
  k1201 - ours[shift_delta]: max |diff| xx 1.98e-02 at 4.04 eV, yy 6.34e-03, xy 2.8e-08; mean |diff| xx 4.1e-03; at 0.2 eV and lasers xx -1.1e-04, -1.1e-03, -1.9e-03, -2.3e-03
  k1201_ti - ours[gam1201]: max |diff| xx 1.77e-03 at 4.02 eV, yy 9.25e-04, xy 2.8e-08; mean |diff| xx 1.6e-04; at 0.2 eV and lasers xx -9.8e-05, +2.0e-05, -1.3e-04, -1.5e-04
  k1201_ti - ours[shift_delta]: max |diff| xx 1.77e-03 at 4.02 eV, yy 9.25e-04, xy 2.8e-08; mean |diff| xx 1.6e-04; at 0.2 eV and lasers xx -9.7e-05, +2.0e-05, -1.3e-04, -1.5e-04
  k1201_ti_nows - ours[gam1201]: max |diff| xx 2.11e-04 at 3.89 eV, yy 1.14e-04, xy 2.8e-08; mean |diff| xx 4.3e-05; at 0.2 eV and lasers xx -2.5e-05, +3.5e-05, +5.4e-06, -5.3e-05
  k1201_ti_nows - ours[shift_delta]: max |diff| xx 2.11e-04 at 3.89 eV, yy 1.14e-04, xy 2.8e-08; mean |diff| xx 4.3e-05; at 0.2 eV and lasers xx -2.4e-05, +3.5e-05, +5.4e-06, -5.3e-05

[k1201_ti - k1201] max |diff| xx 1.86e-02, yy 6.21e-03, xy 4.32e-10; at the lasers xx +1.2e-03, +1.7e-03, +2.2e-03
[k1201_ti_nows - k1201] max |diff| xx 1.97e-02, yy 6.25e-03, xy 4.27e-10; at the lasers xx +1.2e-03, +1.9e-03, +2.3e-03

wrote em2_postw90_sigma.npz from k1201
